D:/xsivak03/LoRaWAN_End_Node_LBM/Drivers/STM32WLxx_HAL_Driver/Src/stm32wlxx_hal_rng_ex.c:94:19:HAL_RNGEx_SetConfig	16	static
D:/xsivak03/LoRaWAN_End_Node_LBM/Drivers/STM32WLxx_HAL_Driver/Src/stm32wlxx_hal_rng_ex.c:193:19:HAL_RNGEx_GetConfig	0	static
D:/xsivak03/LoRaWAN_End_Node_LBM/Drivers/STM32WLxx_HAL_Driver/Src/stm32wlxx_hal_rng_ex.c:242:19:HAL_RNGEx_LockConfig	0	static
D:/xsivak03/LoRaWAN_End_Node_LBM/Drivers/STM32WLxx_HAL_Driver/Src/stm32wlxx_hal_rng_ex.c:301:19:HAL_RNGEx_RecoverSeedError	8	static
