D:/xsivak03/LoRaWAN_End_Node_LBM/Drivers/STM32WLxx_HAL_Driver/Src/stm32wlxx_hal_rng.c:356:13:HAL_RNG_MspInit	0	static
D:/xsivak03/LoRaWAN_End_Node_LBM/Drivers/STM32WLxx_HAL_Driver/Src/stm32wlxx_hal_rng.c:164:19:HAL_RNG_Init	16	static
D:/xsivak03/LoRaWAN_End_Node_LBM/Drivers/STM32WLxx_HAL_Driver/Src/stm32wlxx_hal_rng.c:371:13:HAL_RNG_MspDeInit	0	static
D:/xsivak03/LoRaWAN_End_Node_LBM/Drivers/STM32WLxx_HAL_Driver/Src/stm32wlxx_hal_rng.c:282:19:HAL_RNG_DeInit	16	static
D:/xsivak03/LoRaWAN_End_Node_LBM/Drivers/STM32WLxx_HAL_Driver/Src/stm32wlxx_hal_rng.c:720:19:HAL_RNG_GenerateRandomNumber_IT	0	static
D:/xsivak03/LoRaWAN_End_Node_LBM/Drivers/STM32WLxx_HAL_Driver/Src/stm32wlxx_hal_rng.c:856:10:HAL_RNG_ReadLastRandomNumber	0	static
D:/xsivak03/LoRaWAN_End_Node_LBM/Drivers/STM32WLxx_HAL_Driver/Src/stm32wlxx_hal_rng.c:873:13:HAL_RNG_ReadyDataCallback	0	static
D:/xsivak03/LoRaWAN_End_Node_LBM/Drivers/STM32WLxx_HAL_Driver/Src/stm32wlxx_hal_rng.c:889:13:HAL_RNG_ErrorCallback	0	static
D:/xsivak03/LoRaWAN_End_Node_LBM/Drivers/STM32WLxx_HAL_Driver/Src/stm32wlxx_hal_rng.c:769:6:HAL_RNG_IRQHandler	8	static
D:/xsivak03/LoRaWAN_End_Node_LBM/Drivers/STM32WLxx_HAL_Driver/Src/stm32wlxx_hal_rng.c:923:22:HAL_RNG_GetState	0	static
D:/xsivak03/LoRaWAN_End_Node_LBM/Drivers/STM32WLxx_HAL_Driver/Src/stm32wlxx_hal_rng.c:933:10:HAL_RNG_GetError	0	static
D:/xsivak03/LoRaWAN_End_Node_LBM/Drivers/STM32WLxx_HAL_Driver/Src/stm32wlxx_hal_rng.c:955:19:RNG_RecoverSeedError	16	static
D:/xsivak03/LoRaWAN_End_Node_LBM/Drivers/STM32WLxx_HAL_Driver/Src/stm32wlxx_hal_rng.c:638:19:HAL_RNG_GenerateRandomNumber	24	static
