../../Middlewares/Third_Party/LoRaWAN/smtc_modem_hal/smtc_modem_hal.h:211:24:smtc_modem_hal_get_random_nb_in_range	16	static
D:/xsivak03/LoRaWAN_End_Node_LBM/Middlewares/Third_Party/LoRaWAN/smtc_modem_core/lorawan_manager/lorawan_join_management.c:237:16:lorawan_join_management_service_downlink_handler	0	static
D:/xsivak03/LoRaWAN_End_Node_LBM/Middlewares/Third_Party/LoRaWAN/smtc_modem_core/lorawan_manager/lorawan_join_management.c:242:13:lorawan_join_internal_add_task	40	static
D:/xsivak03/LoRaWAN_End_Node_LBM/Middlewares/Third_Party/LoRaWAN/smtc_modem_core/lorawan_manager/lorawan_join_management.c:205:13:lorawan_join_management_service_on_update	32	static
D:/xsivak03/LoRaWAN_End_Node_LBM/Middlewares/Third_Party/LoRaWAN/smtc_modem_core/lorawan_manager/lorawan_join_management.c:177:13:lorawan_join_management_service_on_launch	40	static
D:/xsivak03/LoRaWAN_End_Node_LBM/Middlewares/Third_Party/LoRaWAN/smtc_modem_core/lorawan_manager/lorawan_join_management.c:143:6:lorawan_join_management_services_init	8	static
D:/xsivak03/LoRaWAN_End_Node_LBM/Middlewares/Third_Party/LoRaWAN/smtc_modem_core/lorawan_manager/lorawan_join_management.c:154:6:lorawan_join_add_task	32	static
D:/xsivak03/LoRaWAN_End_Node_LBM/Middlewares/Third_Party/LoRaWAN/smtc_modem_core/lorawan_manager/lorawan_join_management.c:166:6:lorawan_join_remove_task	16	static
