D:/xsivak03/LoRaWAN_End_Node_LBM/Middlewares/Third_Party/LoRaWAN/smtc_modem_core/lorawan_manager/lorawan_dwn_ack_management.c:175:13:lorawan_dwn_ack_management_on_update	0	static
D:/xsivak03/LoRaWAN_End_Node_LBM/Middlewares/Third_Party/LoRaWAN/smtc_modem_core/lorawan_manager/lorawan_dwn_ack_management.c:162:13:lorawan_dwn_ack_management_on_launch	40	static
D:/xsivak03/LoRaWAN_End_Node_LBM/Middlewares/Third_Party/LoRaWAN/smtc_modem_core/lorawan_manager/lorawan_dwn_ack_management.c:126:6:lorawan_dwn_ack_management_init	8	static
D:/xsivak03/LoRaWAN_End_Node_LBM/Middlewares/Third_Party/LoRaWAN/smtc_modem_core/lorawan_manager/lorawan_dwn_ack_management.c:137:6:lorawan_dwn_ack_add_task	40	static
D:/xsivak03/LoRaWAN_End_Node_LBM/Middlewares/Third_Party/LoRaWAN/smtc_modem_core/lorawan_manager/lorawan_dwn_ack_management.c:180:16:lorawan_dwn_ack_management_downlink_handler	24	static
D:/xsivak03/LoRaWAN_End_Node_LBM/Middlewares/Third_Party/LoRaWAN/smtc_modem_core/lorawan_manager/lorawan_dwn_ack_management.c:151:6:lorawan_dwn_ack_remove_task	16	static
