D:/xsivak03/LoRaWAN_End_Node_LBM/Middlewares/Third_Party/LoRaWAN/smtc_modem_core/smtc_modem_crypto/soft_secure_element/cmac.c:67:6:AES_CMAC_Init	8	static
D:/xsivak03/LoRaWAN_End_Node_LBM/Middlewares/Third_Party/LoRaWAN/smtc_modem_core/smtc_modem_crypto/soft_secure_element/cmac.c:74:6:AES_CMAC_SetKey	8	static
D:/xsivak03/LoRaWAN_End_Node_LBM/Middlewares/Third_Party/LoRaWAN/smtc_modem_core/smtc_modem_crypto/soft_secure_element/cmac.c:79:6:AES_CMAC_Update	40	static
D:/xsivak03/LoRaWAN_End_Node_LBM/Middlewares/Third_Party/LoRaWAN/smtc_modem_core/smtc_modem_crypto/soft_secure_element/cmac.c:117:6:AES_CMAC_Final	48	static
