D:/xsivak03/LoRaWAN_End_Node_LBM/Drivers/STM32WLxx_HAL_Driver/Src/stm32wlxx_hal_dma_ex.c:95:19:HAL_DMAEx_ConfigMuxSync	8	static
D:/xsivak03/LoRaWAN_End_Node_LBM/Drivers/STM32WLxx_HAL_Driver/Src/stm32wlxx_hal_dma_ex.c:144:19:HAL_DMAEx_ConfigMuxRequestGenerator	4	static
D:/xsivak03/LoRaWAN_End_Node_LBM/Drivers/STM32WLxx_HAL_Driver/Src/stm32wlxx_hal_dma_ex.c:203:19:HAL_DMAEx_EnableMuxRequestGenerator	0	static
D:/xsivak03/LoRaWAN_End_Node_LBM/Drivers/STM32WLxx_HAL_Driver/Src/stm32wlxx_hal_dma_ex.c:231:19:HAL_DMAEx_DisableMuxRequestGenerator	0	static
D:/xsivak03/LoRaWAN_End_Node_LBM/Drivers/STM32WLxx_HAL_Driver/Src/stm32wlxx_hal_dma_ex.c:259:6:HAL_DMAEx_MUX_IRQHandler	8	static
