../Application/User/Core/bmp180_for_stm32_hal.c:26:6:BMP180_Init	0	static
../Application/User/Core/bmp180_for_stm32_hal.c:35:6:BMP180_SetOversampling	0	static
../Application/User/Core/bmp180_for_stm32_hal.c:62:6:BMP180_WriteReg	24	static
../Application/User/Core/bmp180_for_stm32_hal.c:72:9:BMP180_ReadReg	40	static
../Application/User/Core/bmp180_for_stm32_hal.c:43:6:BMP180_UpdateCalibrationData	16	static
../Application/User/Core/bmp180_for_stm32_hal.c:83:9:BMP180_GetRawTemperature	8	static
../Application/User/Core/bmp180_for_stm32_hal.c:97:7:BMP180_GetTemperature	8	static
../Application/User/Core/bmp180_for_stm32_hal.c:138:9:BMP180_GetUT	8	static
../Application/User/Core/bmp180_for_stm32_hal.c:142:9:BMP180_GetUP	8	static
../Application/User/Core/bmp180_for_stm32_hal.c:106:9:BMP180_GetPressure	16	static
